// Jest Snapshot v1, https://goo.gl/fbAQLP

exports[`should match a snapshot 1`] = `
<div>
  This is a test:
  <h2 />
</div>
`;
