// Jest Snapshot v1, https://goo.gl/fbAQLP

exports[`should match a snapshot 1`] = `
<div
  className="Copyright"
>
  <p>
    CopyrightÂ© 
    2019
     908 Productions Inc. All rights reserved.
  </p>
</div>
`;
