// Jest Snapshot v1, https://goo.gl/fbAQLP

exports[`should match a snapshot 1`] = `
<div
  className="Product"
>
  <h5>
    
  </h5>
  <img
    alt=""
    height=""
    src=""
    title=""
    width=""
  />
</div>
`;
