// Jest Snapshot v1, https://goo.gl/fbAQLP

exports[`matches a snapshot 1`] = `
<header
  className="Banner"
>
  <h1 />
  <div
    className="Cart"
  >
    Cart goes here
    <h4>
      No Items
    </h4>
  </div>
</header>
`;
