// Jest Snapshot v1, https://goo.gl/fbAQLP

exports[`should match a snapshot 1`] = `
<img
  alt=""
  height=""
  src=""
  title=""
  width=""
/>
`;
